94.23.66.155 - - [29/Oct/2017:18:09:52 +0100] "GET /stream HTTP/1.0" 200 356 "http://www.radiocittaperta.it/scaletta-della-puntata-di-meltingpot-di-venerdi-27-ottobre/" "Mozilla/5.0 (Macintosh; Intel Mac OS X 10.6; rv:48.0) Gecko/20100101 Firefox/48.0 [ip:94.37.154.9]" 1
94.23.66.155 - - [29/Oct/2017:18:09:52 +0100] "GET /stream HTTP/1.0" 200 356 "http://www.radiocittaperta.it/scaletta-della-puntata-di-meltingpot-di-venerdi-27-ottobre/" "Mozilla/5.0 (Macintosh; Intel Mac OS X 10.6; rv:48.0) Gecko/20100101 Firefox/48.0 [ip:94.37.154.9]" 1
94.23.66.155 - - [29/Oct/2017:18:09:52 +0100] "GET /stream HTTP/1.0" 200 356 "http://www.radiocittaperta.it/scaletta-della-puntata-di-meltingpot-di-venerdi-27-ottobre/" "Mozilla/5.0 (Macintosh; Intel Mac OS X 10.6; rv:48.0) Gecko/20100101 Firefox/48.0 [ip:94.37.154.9]" 0
94.23.66.155 - - [29/Oct/2017:18:09:52 +0100] "GET /stream HTTP/1.0" 200 356 "http://www.radiocittaperta.it/scaletta-della-puntata-di-meltingpot-di-venerdi-27-ottobre/" "Mozilla/5.0 (Macintosh; Intel Mac OS X 10.6; rv:48.0) Gecko/20100101 Firefox/48.0 [ip:94.37.154.9]" 0
94.23.66.155 - - [29/Oct/2017:18:09:52 +0100] "GET /stream HTTP/1.0" 200 356 "http://www.radiocittaperta.it/scaletta-della-puntata-di-meltingpot-di-venerdi-27-ottobre/" "Mozilla/5.0 (Macintosh; Intel Mac OS X 10.6; rv:48.0) Gecko/20100101 Firefox/48.0 [ip:94.37.154.9]" 0
94.23.66.155 - - [29/Oct/2017:18:09:52 +0100] "GET /stream HTTP/1.0" 200 356 "http://www.radiocittaperta.it/scaletta-della-puntata-di-meltingpot-di-venerdi-27-ottobre/" "Mozilla/5.0 (Macintosh; Intel Mac OS X 10.6; rv:48.0) Gecko/20100101 Firefox/48.0 [ip:94.37.154.9]" 0
94.23.66.155 - - [29/Oct/2017:18:09:53 +0100] "GET /stream HTTP/1.0" 200 356 "http://www.radiocittaperta.it/scaletta-della-puntata-di-meltingpot-di-venerdi-27-ottobre/" "Mozilla/5.0 (Macintosh; Intel Mac OS X 10.6; rv:48.0) Gecko/20100101 Firefox/48.0 [ip:94.37.154.9]" 1
94.23.66.155 - - [29/Oct/2017:18:09:53 +0100] "GET /stream HTTP/1.0" 200 1756 "http://www.radiocittaperta.it/scaletta-della-puntata-di-meltingpot-di-venerdi-27-ottobre/" "Mozilla/5.0 (Macintosh; Intel Mac OS X 10.6; rv:48.0) Gecko/20100101 Firefox/48.0 [ip:94.37.154.9]" 0
94.23.66.155 - - [29/Oct/2017:18:09:53 +0100] "GET /stream HTTP/1.0" 200 356 "http://www.radiocittaperta.it/scaletta-della-puntata-di-meltingpot-di-venerdi-27-ottobre/" "Mozilla/5.0 (Macintosh; Intel Mac OS X 10.6; rv:48.0) Gecko/20100101 Firefox/48.0 [ip:94.37.154.9]" 0
94.23.66.155 - - [29/Oct/2017:18:09:53 +0100] "GET /stream HTTP/1.0" 200 356 "http://www.radiocittaperta.it/scaletta-della-puntata-di-meltingpot-di-venerdi-27-ottobre/" "Mozilla/5.0 (Macintosh; Intel Mac OS X 10.6; rv:48.0) Gecko/20100101 Firefox/48.0 [ip:94.37.154.9]" 0
94.23.66.155 - - [29/Oct/2017:18:09:54 +0100] "GET /stream HTTP/1.0" 200 71756 "http://www.radiocittaperta.it/scaletta-della-puntata-di-meltingpot-di-venerdi-27-ottobre/" "Mozilla/5.0 (Macintosh; Intel Mac OS X 10.6; rv:48.0) Gecko/20100101 Firefox/48.0 [ip:94.37.154.9]" 1
94.23.66.155 - - [29/Oct/2017:18:09:54 +0100] "GET /stream HTTP/1.0" 200 356 "http://www.radiocittaperta.it/scaletta-della-puntata-di-meltingpot-di-venerdi-27-ottobre/" "Mozilla/5.0 (Macintosh; Intel Mac OS X 10.6; rv:48.0) Gecko/20100101 Firefox/48.0 [ip:94.37.154.9]" 1
94.23.66.155 - - [29/Oct/2017:18:09:54 +0100] "GET /stream HTTP/1.0" 200 1756 "http://www.radiocittaperta.it/scaletta-della-puntata-di-meltingpot-di-venerdi-27-ottobre/" "Mozilla/5.0 (Macintosh; Intel Mac OS X 10.6; rv:48.0) Gecko/20100101 Firefox/48.0 [ip:94.37.154.9]" 1
94.23.66.155 - - [29/Oct/2017:18:09:54 +0100] "GET /stream HTTP/1.0" 200 356 "http://www.radiocittaperta.it/scaletta-della-puntata-di-meltingpot-di-venerdi-27-ottobre/" "Mozilla/5.0 (Macintosh; Intel Mac OS X 10.6; rv:48.0) Gecko/20100101 Firefox/48.0 [ip:94.37.154.9]" 0
94.23.66.155 - - [29/Oct/2017:18:09:55 +0100] "GET /stream HTTP/1.0" 200 71756 "http://www.radiocittaperta.it/scaletta-della-puntata-di-meltingpot-di-venerdi-27-ottobre/" "Mozilla/5.0 (Macintosh; Intel Mac OS X 10.6; rv:48.0) Gecko/20100101 Firefox/48.0 [ip:94.37.154.9]" 1
94.23.66.155 - - [29/Oct/2017:18:09:55 +0100] "GET /stream HTTP/1.0" 200 356 "http://www.radiocittaperta.it/scaletta-della-puntata-di-meltingpot-di-venerdi-27-ottobre/" "Mozilla/5.0 (Macintosh; Intel Mac OS X 10.6; rv:48.0) Gecko/20100101 Firefox/48.0 [ip:94.37.154.9]" 1
94.23.66.155 - - [29/Oct/2017:18:09:55 +0100] "GET /stream HTTP/1.0" 200 356 "http://www.radiocittaperta.it/scaletta-della-puntata-di-meltingpot-di-venerdi-27-ottobre/" "Mozilla/5.0 (Macintosh; Intel Mac OS X 10.6; rv:48.0) Gecko/20100101 Firefox/48.0 [ip:94.37.154.9]" 1
94.23.66.155 - - [29/Oct/2017:18:09:55 +0100] "GET /stream HTTP/1.0" 200 356 "http://www.radiocittaperta.it/scaletta-della-puntata-di-meltingpot-di-venerdi-27-ottobre/" "Mozilla/5.0 (Macintosh; Intel Mac OS X 10.6; rv:48.0) Gecko/20100101 Firefox/48.0 [ip:94.37.154.9]" 0
94.23.66.155 - - [29/Oct/2017:18:09:55 +0100] "GET /stream HTTP/1.0" 200 71756 "http://www.radiocittaperta.it/scaletta-della-puntata-di-meltingpot-di-venerdi-27-ottobre/" "Mozilla/5.0 (Macintosh; Intel Mac OS X 10.6; rv:48.0) Gecko/20100101 Firefox/48.0 [ip:94.37.154.9]" 0
94.23.66.155 - - [29/Oct/2017:18:09:55 +0100] "GET /stream HTTP/1.0" 200 356 "http://www.radiocittaperta.it/scaletta-della-puntata-di-meltingpot-di-venerdi-27-ottobre/" "Mozilla/5.0 (Macintosh; Intel Mac OS X 10.6; rv:48.0) Gecko/20100101 Firefox/48.0 [ip:94.37.154.9]" 0
94.23.66.155 - - [29/Oct/2017:18:09:55 +0100] "GET /stream HTTP/1.0" 200 356 "http://www.radiocittaperta.it/scaletta-della-puntata-di-meltingpot-di-venerdi-27-ottobre/" "Mozilla/5.0 (Macintosh; Intel Mac OS X 10.6; rv:48.0) Gecko/20100101 Firefox/48.0 [ip:94.37.154.9]" 0
94.23.66.155 - - [29/Oct/2017:18:09:56 +0100] "GET /stream HTTP/1.0" 200 71756 "http://www.radiocittaperta.it/scaletta-della-puntata-di-meltingpot-di-venerdi-27-ottobre/" "Mozilla/5.0 (Macintosh; Intel Mac OS X 10.6; rv:48.0) Gecko/20100101 Firefox/48.0 [ip:94.37.154.9]" 1
94.23.66.155 - - [29/Oct/2017:18:09:56 +0100] "GET /stream HTTP/1.0" 200 356 "http://www.radiocittaperta.it/scaletta-della-puntata-di-meltingpot-di-venerdi-27-ottobre/" "Mozilla/5.0 (Macintosh; Intel Mac OS X 10.6; rv:48.0) Gecko/20100101 Firefox/48.0 [ip:94.37.154.9]" 0
94.23.66.155 - - [29/Oct/2017:18:09:56 +0100] "GET /stream HTTP/1.0" 200 356 "http://www.radiocittaperta.it/scaletta-della-puntata-di-meltingpot-di-venerdi-27-ottobre/" "Mozilla/5.0 (Macintosh; Intel Mac OS X 10.6; rv:48.0) Gecko/20100101 Firefox/48.0 [ip:94.37.154.9]" 0
94.23.66.155 - - [29/Oct/2017:18:09:56 +0100] "GET /stream HTTP/1.0" 200 356 "http://www.radiocittaperta.it/scaletta-della-puntata-di-meltingpot-di-venerdi-27-ottobre/" "Mozilla/5.0 (Macintosh; Intel Mac OS X 10.6; rv:48.0) Gecko/20100101 Firefox/48.0 [ip:94.37.154.9]" 0
94.23.66.155 - - [29/Oct/2017:18:09:56 +0100] "GET /stream HTTP/1.0" 200 356 "http://www.radiocittaperta.it/scaletta-della-puntata-di-meltingpot-di-venerdi-27-ottobre/" "Mozilla/5.0 (Macintosh; Intel Mac OS X 10.6; rv:48.0) Gecko/20100101 Firefox/48.0 [ip:94.37.154.9]" 0
94.23.66.155 - - [29/Oct/2017:18:09:57 +0100] "GET /stream HTTP/1.0" 200 70356 "http://www.radiocittaperta.it/scaletta-della-puntata-di-meltingpot-di-venerdi-27-ottobre/" "Mozilla/5.0 (Macintosh; Intel Mac OS X 10.6; rv:48.0) Gecko/20100101 Firefox/48.0 [ip:94.37.154.9]" 1
94.23.66.155 - - [29/Oct/2017:18:09:57 +0100] "GET /stream HTTP/1.0" 200 356 "http://www.radiocittaperta.it/scaletta-della-puntata-di-meltingpot-di-venerdi-27-ottobre/" "Mozilla/5.0 (Macintosh; Intel Mac OS X 10.6; rv:48.0) Gecko/20100101 Firefox/48.0 [ip:94.37.154.9]" 1
2.239.213.169 - - [29/Oct/2017:18:09:57 +0100] "GET /admin/stats HTTP/1.1" 200 1965 "-" "-" 0
94.23.66.155 - - [29/Oct/2017:18:09:57 +0100] "GET /stream HTTP/1.0" 200 73156 "http://www.radiocittaperta.it/" "Mozilla/5.0 (Macintosh; Intel Mac OS X 10_10_5) AppleWebKit/603.3.8 (KHTML, like Gecko) Version/10.1.2 Safari/603.3.8 [ip:95.238.213.181]" 0
94.23.66.155 - - [29/Oct/2017:18:09:57 +0100] "GET /stream HTTP/1.0" 200 356 "http://www.radiocittaperta.it/scaletta-della-puntata-di-meltingpot-di-venerdi-27-ottobre/" "Mozilla/5.0 (Macintosh; Intel Mac OS X 10.6; rv:48.0) Gecko/20100101 Firefox/48.0 [ip:94.37.154.9]" 0
94.23.66.155 - - [29/Oct/2017:18:09:58 +0100] "GET /stream HTTP/1.0" 200 73156 "http://www.radiocittaperta.it/scaletta-della-puntata-di-meltingpot-di-venerdi-27-ottobre/" "Mozilla/5.0 (Macintosh; Intel Mac OS X 10.6; rv:48.0) Gecko/20100101 Firefox/48.0 [ip:94.37.154.9]" 1
94.23.66.155 - - [29/Oct/2017:18:09:58 +0100] "GET /stream HTTP/1.0" 200 73243 "http://www.radiocittaperta.it/" "AppleCoreMedia/1.0.0.14F27 (Macintosh; U; Intel Mac OS X 10_10_5; it_it) [ip:95.238.213.181]" 1
37.182.133.79 - - [29/Oct/2017:18:10:01 +0100] "GET /admin/stats HTTP/1.1" 200 1965 "-" "-" 0
2.239.213.169 - - [29/Oct/2017:18:10:02 +0100] "GET /admin/stats HTTP/1.1" 200 1965 "-" "-" 0
94.23.66.155 - - [29/Oct/2017:18:10:02 +0100] "GET /stream HTTP/1.0" 200 119446 "http://www.radiocittaperta.it/" "AppleCoreMedia/1.0.0.14F27 (Macintosh; U; Intel Mac OS X 10_10_5; it_it) [ip:95.238.213.181]" 3
2.239.213.169 - - [29/Oct/2017:18:10:07 +0100] "GET /admin/stats HTTP/1.1" 200 1965 "-" "-" 0
94.23.66.155 - - [29/Oct/2017:18:10:14 +0100] "GET /admin/stats HTTP/1.0" 200 1965 "-" "Centova Cast/3.2.10" 0
94.23.66.155 - - [29/Oct/2017:18:10:14 +0100] "GET /stream HTTP/1.0" 200 66156 "-" "-" 0
2.239.213.169 - - [29/Oct/2017:18:10:17 +0100] "GET /admin/stats HTTP/1.1" 200 1965 "-" "-" 0
2.239.213.169 - - [29/Oct/2017:18:10:27 +0100] "GET /admin/stats HTTP/1.1" 200 1965 "-" "-" 0
2.239.213.169 - - [29/Oct/2017:18:10:37 +0100] "GET /admin/stats HTTP/1.1" 200 1965 "-" "-" 0
94.23.66.155 - - [29/Oct/2017:18:10:40 +0100] "GET /stream HTTP/1.0" 200 71756 "-" "Mozilla/5.0 (Linux; Android 5.1; XT1033 Build/LPBS23.13-56-2) AppleWebKit/537.36 (KHTML, like Gecko) Chrome/61.0.3163.98 Mobile Safari/537.36 [ip:190.159.161.73]" 0
94.23.66.155 - - [29/Oct/2017:18:10:44 +0100] "GET /admin/stats HTTP/1.0" 200 1965 "-" "Centova Cast/3.2.10" 0
94.23.66.155 - - [29/Oct/2017:18:10:46 +0100] "GET /stream HTTP/1.0" 200 1555936 "http://www.radiocittaperta.it/eventi/katartika-con-liliana-montereale/" "AppleCoreMedia/1.0.0.14G60 (iPad; U; CPU OS 10_3_3 like Mac OS X; it_it) [ip:93.71.242.154]" 62
2.239.213.169 - - [29/Oct/2017:18:10:47 +0100] "GET /admin/stats HTTP/1.1" 200 1965 "-" "-" 0
94.23.66.155 - - [29/Oct/2017:18:10:57 +0100] "GET /stream HTTP/1.0" 200 476356 "http://radio.garden/live/rome/radio-citta-aperta/" "Mozilla/5.0 (Linux; Android 5.1; XT1033 Build/LPBS23.13-56-2) AppleWebKit/537.36 (KHTML, like Gecko) Chrome/61.0.3163.98 Mobile Safari/537.36 [ip:190.159.161.73]" 17
2.239.213.169 - - [29/Oct/2017:18:10:57 +0100] "GET /admin/stats HTTP/1.1" 200 1965 "-" "-" 0
2.239.213.169 - - [29/Oct/2017:18:11:07 +0100] "GET /admin/stats HTTP/1.1" 200 1965 "-" "-" 0
2.239.213.169 - - [29/Oct/2017:18:11:17 +0100] "GET /admin/stats HTTP/1.1" 200 1965 "-" "-" 0
2.239.213.169 - - [29/Oct/2017:18:11:27 +0100] "GET /admin/stats HTTP/1.1" 200 1965 "-" "-" 0
2.239.213.169 - - [29/Oct/2017:18:11:37 +0100] "GET /admin/stats HTTP/1.1" 200 1965 "-" "-" 0
94.23.66.155 - - [29/Oct/2017:18:11:44 +0100] "GET /admin/stats HTTP/1.0" 200 1965 "-" "Centova Cast/3.2.10" 0
2.239.213.169 - - [29/Oct/2017:18:11:47 +0100] "GET /admin/stats HTTP/1.1" 200 1965 "-" "-" 0
94.23.66.155 - - [29/Oct/2017:18:11:51 +0100] "GET /stream HTTP/1.0" 200 1562936 "http://www.radiocittaperta.it/eventi/katartika-con-liliana-montereale/" "AppleCoreMedia/1.0.0.14G60 (iPad; U; CPU OS 10_3_3 like Mac OS X; it_it) [ip:93.71.242.154]" 63
94.23.66.155 - - [29/Oct/2017:18:11:55 +0100] "GET /stream HTTP/1.0" 200 73156 "http://www.radiocittaperta.it/rca-streaming-radio-libera-e-indipendente/" "Mozilla/5.0 (iPhone; CPU iPhone OS 11_0_3 like Mac OS X) AppleWebKit/604.1.38 (KHTML, like Gecko) Version/11.0 Mobile/15A432 Safari/604.1 [ip:5.90.71.225]" 1
2.239.213.169 - - [29/Oct/2017:18:11:57 +0100] "GET /admin/stats HTTP/1.1" 200 1965 "-" "-" 0
2.239.213.169 - - [29/Oct/2017:18:12:07 +0100] "GET /admin/stats HTTP/1.1" 200 1965 "-" "-" 0
94.23.66.155 - - [29/Oct/2017:18:12:08 +0100] "GET /stream HTTP/1.0" 200 360261 "http://www.radiocittaperta.it/rca-streaming-radio-libera-e-indipendente/" "Mozilla/5.0 (iPhone; CPU iPhone OS 11_0_3 like Mac OS X) AppleWebKit/604.1.38 (KHTML, like Gecko) Version/11.0 Mobile/15A432 Safari/604.1 [ip:5.90.71.225]" 13
2.239.213.169 - - [29/Oct/2017:18:12:18 +0100] "GET /admin/stats HTTP/1.1" 200 1965 "-" "-" 0
2.239.213.169 - - [29/Oct/2017:18:12:27 +0100] "GET /admin/stats HTTP/1.1" 200 1965 "-" "-" 0
2.239.213.169 - - [29/Oct/2017:18:12:37 +0100] "GET /admin/stats HTTP/1.1" 200 1965 "-" "-" 0
94.23.66.155 - - [29/Oct/2017:18:12:43 +0100] "GET /stream HTTP/1.0" 200 73243 "-" "[ip:84.239.6.10]" 1
94.23.66.155 - - [29/Oct/2017:18:12:44 +0100] "GET /admin/stats HTTP/1.0" 200 1965 "-" "Centova Cast/3.2.10" 0
2.239.213.169 - - [29/Oct/2017:18:12:47 +0100] "GET /admin/stats HTTP/1.1" 200 1965 "-" "-" 0
94.23.66.155 - - [29/Oct/2017:18:12:55 +0100] "GET /stream HTTP/1.0" 200 1561536 "http://www.radiocittaperta.it/eventi/katartika-con-liliana-montereale/" "AppleCoreMedia/1.0.0.14G60 (iPad; U; CPU OS 10_3_3 like Mac OS X; it_it) [ip:93.71.242.154]" 62
2.239.213.169 - - [29/Oct/2017:18:12:57 +0100] "GET /admin/stats HTTP/1.1" 200 1965 "-" "-" 0
2.239.213.169 - - [29/Oct/2017:18:13:07 +0100] "GET /admin/stats HTTP/1.1" 200 1965 "-" "-" 0
2.239.213.169 - - [29/Oct/2017:18:13:17 +0100] "GET /admin/stats HTTP/1.1" 200 1965 "-" "-" 0
2.239.213.169 - - [29/Oct/2017:18:13:27 +0100] "GET /admin/stats HTTP/1.1" 200 1965 "-" "-" 0
94.23.66.155 - - [29/Oct/2017:18:13:29 +0100] "GET /stream HTTP/1.0" 200 73243 "-" "[ip:173.255.231.46]" 1
2.239.213.169 - - [29/Oct/2017:18:13:37 +0100] "GET /admin/stats HTTP/1.1" 200 1965 "-" "-" 0
94.23.66.155 - - [29/Oct/2017:18:13:44 +0100] "GET /admin/stats HTTP/1.0" 200 1965 "-" "Centova Cast/3.2.10" 0
2.239.213.169 - - [29/Oct/2017:18:13:47 +0100] "GET /admin/stats HTTP/1.1" 200 1965 "-" "-" 0
94.23.66.155 - - [29/Oct/2017:18:13:49 +0100] "GET /stream HTTP/1.0" 200 74643 "-" "Python-urllib/2.7 [ip:134.0.115.101]" 1
2.239.213.169 - - [29/Oct/2017:18:13:57 +0100] "GET /admin/stats HTTP/1.1" 200 1965 "-" "-" 0
94.23.66.155 - - [29/Oct/2017:18:14:00 +0100] "GET /stream HTTP/1.0" 200 1561536 "http://www.radiocittaperta.it/eventi/katartika-con-liliana-montereale/" "AppleCoreMedia/1.0.0.14G60 (iPad; U; CPU OS 10_3_3 like Mac OS X; it_it) [ip:93.71.242.154]" 63
2.239.213.169 - - [29/Oct/2017:18:14:07 +0100] "GET /admin/stats HTTP/1.1" 200 1965 "-" "-" 0
94.23.66.155 - - [29/Oct/2017:18:14:16 +0100] "GET /stream HTTP/1.0" 200 74556 "http://radio.garden/live/naples/radio-yacht/" "Mozilla/5.0 (Linux; Android 7.0; WAS-LX1A Build/HUAWEIWAS-LX1A) AppleWebKit/537.36 (KHTML, like Gecko) Chrome/52.0.2743.116 Crosswalk/22.52.561.4 Mobile Safari/537.36 [ip:213.143.49.36]" 1
2.239.213.169 - - [29/Oct/2017:18:14:17 +0100] "GET /admin/stats HTTP/1.1" 200 1965 "-" "-" 0
94.23.66.155 - - [29/Oct/2017:18:14:24 +0100] "GET /stream HTTP/1.0" 200 73156 "http://www.radiocittaperta.it/djmix/melting-pot-con-riccardo-maggini-del-27-10-2017/" "Mozilla/5.0 (Macintosh; Intel Mac OS X 10.6; rv:48.0) Gecko/20100101 Firefox/48.0 [ip:94.37.154.9]" 1
94.23.66.155 - - [29/Oct/2017:18:14:24 +0100] "GET /stream HTTP/1.0" 200 75956 "http://www.radiocittaperta.it/djmix/melting-pot-con-riccardo-maggini-del-27-10-2017/" "Mozilla/5.0 (Macintosh; Intel Mac OS X 10.6; rv:48.0) Gecko/20100101 Firefox/48.0 [ip:94.37.154.9]" 1
94.23.66.155 - - [29/Oct/2017:18:14:24 +0100] "GET /stream HTTP/1.0" 200 1756 "http://www.radiocittaperta.it/djmix/melting-pot-con-riccardo-maggini-del-27-10-2017/" "Mozilla/5.0 (Macintosh; Intel Mac OS X 10.6; rv:48.0) Gecko/20100101 Firefox/48.0 [ip:94.37.154.9]" 0
94.23.66.155 - - [29/Oct/2017:18:14:25 +0100] "GET /stream HTTP/1.0" 200 356 "http://www.radiocittaperta.it/djmix/melting-pot-con-riccardo-maggini-del-27-10-2017/" "Mozilla/5.0 (Macintosh; Intel Mac OS X 10.6; rv:48.0) Gecko/20100101 Firefox/48.0 [ip:94.37.154.9]" 1
94.23.66.155 - - [29/Oct/2017:18:14:25 +0100] "GET /stream HTTP/1.0" 200 356 "http://www.radiocittaperta.it/djmix/melting-pot-con-riccardo-maggini-del-27-10-2017/" "Mozilla/5.0 (Macintosh; Intel Mac OS X 10.6; rv:48.0) Gecko/20100101 Firefox/48.0 [ip:94.37.154.9]" 0
94.23.66.155 - - [29/Oct/2017:18:14:25 +0100] "GET /stream HTTP/1.0" 200 73156 "http://www.radiocittaperta.it/djmix/melting-pot-con-riccardo-maggini-del-27-10-2017/" "Mozilla/5.0 (Macintosh; Intel Mac OS X 10.6; rv:48.0) Gecko/20100101 Firefox/48.0 [ip:94.37.154.9]" 0
94.23.66.155 - - [29/Oct/2017:18:14:25 +0100] "GET /stream HTTP/1.0" 200 356 "http://www.radiocittaperta.it/djmix/melting-pot-con-riccardo-maggini-del-27-10-2017/" "Mozilla/5.0 (Macintosh; Intel Mac OS X 10.6; rv:48.0) Gecko/20100101 Firefox/48.0 [ip:94.37.154.9]" 0
94.23.66.155 - - [29/Oct/2017:18:14:25 +0100] "GET /stream HTTP/1.0" 200 356 "http://www.radiocittaperta.it/djmix/melting-pot-con-riccardo-maggini-del-27-10-2017/" "Mozilla/5.0 (Macintosh; Intel Mac OS X 10.6; rv:48.0) Gecko/20100101 Firefox/48.0 [ip:94.37.154.9]" 0
94.23.66.155 - - [29/Oct/2017:18:14:26 +0100] "GET /stream HTTP/1.0" 200 309756 "-" "Mozilla/5.0 (Linux; Android 7.0; WAS-LX1A Build/HUAWEIWAS-LX1A) AppleWebKit/537.36 (KHTML, like Gecko) Chrome/52.0.2743.116 Crosswalk/22.52.561.4 Mobile Safari/537.36 [ip:213.143.49.36]" 11
94.23.66.155 - - [29/Oct/2017:18:14:26 +0100] "GET /stream HTTP/1.0" 200 356 "http://www.radiocittaperta.it/djmix/melting-pot-con-riccardo-maggini-del-27-10-2017/" "Mozilla/5.0 (Macintosh; Intel Mac OS X 10.6; rv:48.0) Gecko/20100101 Firefox/48.0 [ip:94.37.154.9]" 0
94.23.66.155 - - [29/Oct/2017:18:14:26 +0100] "GET /stream HTTP/1.0" 200 356 "http://www.radiocittaperta.it/djmix/melting-pot-con-riccardo-maggini-del-27-10-2017/" "Mozilla/5.0 (Macintosh; Intel Mac OS X 10.6; rv:48.0) Gecko/20100101 Firefox/48.0 [ip:94.37.154.9]" 0
94.23.66.155 - - [29/Oct/2017:18:14:26 +0100] "GET /stream HTTP/1.0" 200 1756 "http://www.radiocittaperta.it/djmix/melting-pot-con-riccardo-maggini-del-27-10-2017/" "Mozilla/5.0 (Macintosh; Intel Mac OS X 10.6; rv:48.0) Gecko/20100101 Firefox/48.0 [ip:94.37.154.9]" 0
94.23.66.155 - - [29/Oct/2017:18:14:26 +0100] "GET /stream HTTP/1.0" 200 356 "http://www.radiocittaperta.it/djmix/melting-pot-con-riccardo-maggini-del-27-10-2017/" "Mozilla/5.0 (Macintosh; Intel Mac OS X 10.6; rv:48.0) Gecko/20100101 Firefox/48.0 [ip:94.37.154.9]" 0
94.23.66.155 - - [29/Oct/2017:18:14:26 +0100] "GET /stream HTTP/1.0" 200 356 "http://www.radiocittaperta.it/djmix/melting-pot-con-riccardo-maggini-del-27-10-2017/" "Mozilla/5.0 (Macintosh; Intel Mac OS X 10.6; rv:48.0) Gecko/20100101 Firefox/48.0 [ip:94.37.154.9]" 0
94.23.66.155 - - [29/Oct/2017:18:14:26 +0100] "GET /stream HTTP/1.0" 200 356 "http://www.radiocittaperta.it/djmix/melting-pot-con-riccardo-maggini-del-27-10-2017/" "Mozilla/5.0 (Macintosh; Intel Mac OS X 10.6; rv:48.0) Gecko/20100101 Firefox/48.0 [ip:94.37.154.9]" 0
94.23.66.155 - - [29/Oct/2017:18:14:27 +0100] "GET /stream HTTP/1.0" 200 356 "http://www.radiocittaperta.it/djmix/melting-pot-con-riccardo-maggini-del-27-10-2017/" "Mozilla/5.0 (Macintosh; Intel Mac OS X 10.6; rv:48.0) Gecko/20100101 Firefox/48.0 [ip:94.37.154.9]" 1
94.23.66.155 - - [29/Oct/2017:18:14:27 +0100] "GET /stream HTTP/1.0" 200 356 "http://www.radiocittaperta.it/djmix/melting-pot-con-riccardo-maggini-del-27-10-2017/" "Mozilla/5.0 (Macintosh; Intel Mac OS X 10.6; rv:48.0) Gecko/20100101 Firefox/48.0 [ip:94.37.154.9]" 1
94.23.66.155 - - [29/Oct/2017:18:14:27 +0100] "GET /stream HTTP/1.0" 200 356 "http://www.radiocittaperta.it/djmix/melting-pot-con-riccardo-maggini-del-27-10-2017/" "Mozilla/5.0 (Macintosh; Intel Mac OS X 10.6; rv:48.0) Gecko/20100101 Firefox/48.0 [ip:94.37.154.9]" 0
94.23.66.155 - - [29/Oct/2017:18:14:27 +0100] "GET /stream HTTP/1.0" 200 356 "http://www.radiocittaperta.it/djmix/melting-pot-con-riccardo-maggini-del-27-10-2017/" "Mozilla/5.0 (Macintosh; Intel Mac OS X 10.6; rv:48.0) Gecko/20100101 Firefox/48.0 [ip:94.37.154.9]" 0
94.23.66.155 - - [29/Oct/2017:18:14:27 +0100] "GET /stream HTTP/1.0" 200 356 "http://www.radiocittaperta.it/djmix/melting-pot-con-riccardo-maggini-del-27-10-2017/" "Mozilla/5.0 (Macintosh; Intel Mac OS X 10.6; rv:48.0) Gecko/20100101 Firefox/48.0 [ip:94.37.154.9]" 0
94.23.66.155 - - [29/Oct/2017:18:14:27 +0100] "GET /stream HTTP/1.0" 200 356 "http://www.radiocittaperta.it/djmix/melting-pot-con-riccardo-maggini-del-27-10-2017/" "Mozilla/5.0 (Macintosh; Intel Mac OS X 10.6; rv:48.0) Gecko/20100101 Firefox/48.0 [ip:94.37.154.9]" 0
94.23.66.155 - - [29/Oct/2017:18:14:27 +0100] "GET /stream HTTP/1.0" 200 68956 "http://www.radiocittaperta.it/djmix/melting-pot-con-riccardo-maggini-del-27-10-2017/" "Mozilla/5.0 (Macintosh; Intel Mac OS X 10.6; rv:48.0) Gecko/20100101 Firefox/48.0 [ip:94.37.154.9]" 0
2.239.213.169 - - [29/Oct/2017:18:14:27 +0100] "GET /admin/stats HTTP/1.1" 200 1965 "-" "-" 0
94.23.66.155 - - [29/Oct/2017:18:14:28 +0100] "GET /stream HTTP/1.0" 200 356 "http://www.radiocittaperta.it/djmix/melting-pot-con-riccardo-maggini-del-27-10-2017/" "Mozilla/5.0 (Macintosh; Intel Mac OS X 10.6; rv:48.0) Gecko/20100101 Firefox/48.0 [ip:94.37.154.9]" 0
94.23.66.155 - - [29/Oct/2017:18:14:28 +0100] "GET /stream HTTP/1.0" 200 356 "http://www.radiocittaperta.it/djmix/melting-pot-con-riccardo-maggini-del-27-10-2017/" "Mozilla/5.0 (Macintosh; Intel Mac OS X 10.6; rv:48.0) Gecko/20100101 Firefox/48.0 [ip:94.37.154.9]" 0
94.23.66.155 - - [29/Oct/2017:18:14:28 +0100] "GET /stream HTTP/1.0" 200 356 "http://www.radiocittaperta.it/djmix/melting-pot-con-riccardo-maggini-del-27-10-2017/" "Mozilla/5.0 (Macintosh; Intel Mac OS X 10.6; rv:48.0) Gecko/20100101 Firefox/48.0 [ip:94.37.154.9]" 0
94.23.66.155 - - [29/Oct/2017:18:14:28 +0100] "GET /stream HTTP/1.0" 200 356 "http://www.radiocittaperta.it/djmix/melting-pot-con-riccardo-maggini-del-27-10-2017/" "Mozilla/5.0 (Macintosh; Intel Mac OS X 10.6; rv:48.0) Gecko/20100101 Firefox/48.0 [ip:94.37.154.9]" 0
94.23.66.155 - - [29/Oct/2017:18:14:28 +0100] "GET /stream HTTP/1.0" 200 356 "http://www.radiocittaperta.it/djmix/melting-pot-con-riccardo-maggini-del-27-10-2017/" "Mozilla/5.0 (Macintosh; Intel Mac OS X 10.6; rv:48.0) Gecko/20100101 Firefox/48.0 [ip:94.37.154.9]" 0
94.23.66.155 - - [29/Oct/2017:18:14:29 +0100] "GET /stream HTTP/1.0" 200 71756 "http://www.radiocittaperta.it/djmix/melting-pot-con-riccardo-maggini-del-27-10-2017/" "Mozilla/5.0 (Macintosh; Intel Mac OS X 10.6; rv:48.0) Gecko/20100101 Firefox/48.0 [ip:94.37.154.9]" 1
94.23.66.155 - - [29/Oct/2017:18:14:29 +0100] "GET /stream HTTP/1.0" 200 356 "http://www.radiocittaperta.it/djmix/melting-pot-con-riccardo-maggini-del-27-10-2017/" "Mozilla/5.0 (Macintosh; Intel Mac OS X 10.6; rv:48.0) Gecko/20100101 Firefox/48.0 [ip:94.37.154.9]" 1
94.23.66.155 - - [29/Oct/2017:18:14:29 +0100] "GET /stream HTTP/1.0" 200 356 "http://www.radiocittaperta.it/djmix/melting-pot-con-riccardo-maggini-del-27-10-2017/" "Mozilla/5.0 (Macintosh; Intel Mac OS X 10.6; rv:48.0) Gecko/20100101 Firefox/48.0 [ip:94.37.154.9]" 1
94.23.66.155 - - [29/Oct/2017:18:14:29 +0100] "GET /stream HTTP/1.0" 200 70356 "http://www.radiocittaperta.it/djmix/melting-pot-con-riccardo-maggini-del-27-10-2017/" "Mozilla/5.0 (Macintosh; Intel Mac OS X 10.6; rv:48.0) Gecko/20100101 Firefox/48.0 [ip:94.37.154.9]" 0
94.23.66.155 - - [29/Oct/2017:18:14:29 +0100] "GET /stream HTTP/1.0" 200 356 "http://www.radiocittaperta.it/djmix/melting-pot-con-riccardo-maggini-del-27-10-2017/" "Mozilla/5.0 (Macintosh; Intel Mac OS X 10.6; rv:48.0) Gecko/20100101 Firefox/48.0 [ip:94.37.154.9]" 0
94.23.66.155 - - [29/Oct/2017:18:14:29 +0100] "GET /stream HTTP/1.0" 200 356 "http://www.radiocittaperta.it/djmix/melting-pot-con-riccardo-maggini-del-27-10-2017/" "Mozilla/5.0 (Macintosh; Intel Mac OS X 10.6; rv:48.0) Gecko/20100101 Firefox/48.0 [ip:94.37.154.9]" 0
94.23.66.155 - - [29/Oct/2017:18:14:29 +0100] "GET /stream HTTP/1.0" 200 356 "http://www.radiocittaperta.it/djmix/melting-pot-con-riccardo-maggini-del-27-10-2017/" "Mozilla/5.0 (Macintosh; Intel Mac OS X 10.6; rv:48.0) Gecko/20100101 Firefox/48.0 [ip:94.37.154.9]" 0
94.23.66.155 - - [29/Oct/2017:18:14:30 +0100] "GET /stream HTTP/1.0" 200 71756 "http://www.radiocittaperta.it/djmix/melting-pot-con-riccardo-maggini-del-27-10-2017/" "Mozilla/5.0 (Macintosh; Intel Mac OS X 10.6; rv:48.0) Gecko/20100101 Firefox/48.0 [ip:94.37.154.9]" 1
94.23.66.155 - - [29/Oct/2017:18:14:30 +0100] "GET /stream HTTP/1.0" 200 74556 "http://www.radiocittaperta.it/djmix/melting-pot-con-riccardo-maggini-del-27-10-2017/" "Mozilla/5.0 (Macintosh; Intel Mac OS X 10.6; rv:48.0) Gecko/20100101 Firefox/48.0 [ip:94.37.154.9]" 1
94.23.66.155 - - [29/Oct/2017:18:14:31 +0100] "GET /stream HTTP/1.0" 200 73156 "http://www.radiocittaperta.it/djmix/melting-pot-con-riccardo-maggini-del-27-10-2017/" "Mozilla/5.0 (Macintosh; Intel Mac OS X 10.6; rv:48.0) Gecko/20100101 Firefox/48.0 [ip:94.37.154.9]" 1
94.23.66.155 - - [29/Oct/2017:18:14:31 +0100] "GET /stream HTTP/1.0" 200 356 "http://www.radiocittaperta.it/djmix/melting-pot-con-riccardo-maggini-del-27-10-2017/" "Mozilla/5.0 (Macintosh; Intel Mac OS X 10.6; rv:48.0) Gecko/20100101 Firefox/48.0 [ip:94.37.154.9]" 1
94.23.66.155 - - [29/Oct/2017:18:14:31 +0100] "GET /stream HTTP/1.0" 200 356 "http://www.radiocittaperta.it/djmix/melting-pot-con-riccardo-maggini-del-27-10-2017/" "Mozilla/5.0 (Macintosh; Intel Mac OS X 10.6; rv:48.0) Gecko/20100101 Firefox/48.0 [ip:94.37.154.9]" 1
2.239.213.169 - - [29/Oct/2017:18:14:37 +0100] "GET /admin/stats HTTP/1.1" 200 1965 "-" "-" 0
94.23.66.155 - - [29/Oct/2017:18:14:40 +0100] "GET /admin/stats HTTP/1.0" 200 1965 "-" "Centova Cast/3.2.10" 0
94.23.66.155 - - [29/Oct/2017:18:14:40 +0100] "GET /admin/listclients HTTP/1.0" 200 5276 "-" "Centova Cast/3.2.10" 0
94.23.66.155 - - [29/Oct/2017:18:14:44 +0100] "GET /admin/stats HTTP/1.0" 200 1965 "-" "Centova Cast/3.2.10" 0
94.23.66.155 - - [29/Oct/2017:18:14:46 +0100] "GET /stream HTTP/1.0" 200 20217756 "http://www.radiocittaperta.it/djmix/melting-pot-con-riccardo-maggini-del-27-10-2017/" "Mozilla/5.0 (Macintosh; Intel Mac OS X 10.6; rv:48.0) Gecko/20100101 Firefox/48.0 [ip:94.37.154.9]" 841
94.23.66.155 - - [29/Oct/2017:18:14:46 +0100] "GET /stream HTTP/1.0" 200 11884956 "http://www.radiocittaperta.it/?p=24954&preview=true" "Mozilla/5.0 (Macintosh; Intel Mac OS X 10.6; rv:48.0) Gecko/20100101 Firefox/48.0 [ip:94.37.154.9]" 493
94.23.66.155 - - [29/Oct/2017:18:14:46 +0100] "GET /stream HTTP/1.0" 200 6973756 "http://www.radiocittaperta.it/scaletta-della-puntata-di-meltingpot-di-venerdi-27-ottobre/" "Mozilla/5.0 (Macintosh; Intel Mac OS X 10.6; rv:48.0) Gecko/20100101 Firefox/48.0 [ip:94.37.154.9]" 289
94.23.66.155 - - [29/Oct/2017:18:14:46 +0100] "GET /stream HTTP/1.0" 200 423156 "http://www.radiocittaperta.it/djmix/melting-pot-con-riccardo-maggini-del-27-10-2017/" "Mozilla/5.0 (Macintosh; Intel Mac OS X 10.6; rv:48.0) Gecko/20100101 Firefox/48.0 [ip:94.37.154.9]" 15
2.239.213.169 - - [29/Oct/2017:18:14:47 +0100] "GET /admin/stats HTTP/1.1" 200 1965 "-" "-" 0
2.239.213.169 - - [29/Oct/2017:18:14:57 +0100] "GET /admin/stats HTTP/1.1" 200 1965 "-" "-" 0
37.182.133.79 - - [29/Oct/2017:18:15:01 +0100] "GET /admin/stats HTTP/1.1" 200 1965 "-" "-" 0
2.239.213.169 - - [29/Oct/2017:18:15:02 +0100] "GET /admin/stats HTTP/1.1" 200 1965 "-" "-" 0
2.239.213.169 - - [29/Oct/2017:18:15:02 +0100] "GET /admin/stats HTTP/1.1" 200 1965 "-" "-" 0
2.239.213.169 - - [29/Oct/2017:18:15:04 +0100] "GET /admin/stats HTTP/1.1" 200 1965 "-" "-" 0
94.23.66.155 - - [29/Oct/2017:18:15:05 +0100] "GET /stream HTTP/1.0" 200 1554536 "http://www.radiocittaperta.it/eventi/katartika-con-liliana-montereale/" "AppleCoreMedia/1.0.0.14G60 (iPad; U; CPU OS 10_3_3 like Mac OS X; it_it) [ip:93.71.242.154]" 63
94.23.66.155 - - [29/Oct/2017:18:15:05 +0100] "GET /stream HTTP/1.0" 200 16481516 "https://www-ascoltareradio-com.cdn.ampproject.org/v/www.ascoltareradio.com/mobile/citta-aperta-roma/?amp_js_v=0.1&usqp=mq331AQGCAAYACAB" "AppleCoreMedia/1.0.0.14E304 (iPhone; U; CPU OS 10_3_1 like Mac OS X; it_it) [ip:5.90.153.121]" 684
2.239.213.169 - - [29/Oct/2017:18:15:08 +0100] "GET /admin/stats HTTP/1.1" 200 1965 "-" "-" 0
94.23.66.155 - - [29/Oct/2017:18:15:14 +0100] "GET /admin/stats HTTP/1.0" 200 1965 "-" "Centova Cast/3.2.10" 0
94.23.66.155 - - [29/Oct/2017:18:15:14 +0100] "GET /stream HTTP/1.0" 200 66156 "-" "-" 0
2.239.213.169 - - [29/Oct/2017:18:15:18 +0100] "GET /admin/stats HTTP/1.1" 200 1965 "-" "-" 0
2.239.213.169 - - [29/Oct/2017:18:15:28 +0100] "GET /admin/stats HTTP/1.1" 200 1965 "-" "-" 0
2.239.213.169 - - [29/Oct/2017:18:15:38 +0100] "GET /admin/stats HTTP/1.1" 200 1965 "-" "-" 0
94.23.66.155 - - [29/Oct/2017:18:15:44 +0100] "GET /admin/stats HTTP/1.0" 200 1965 "-" "Centova Cast/3.2.10" 0
2.239.213.169 - - [29/Oct/2017:18:15:48 +0100] "GET /admin/stats HTTP/1.1" 200 1965 "-" "-" 0
2.239.213.169 - - [29/Oct/2017:18:15:58 +0100] "GET /admin/stats HTTP/1.1" 200 1965 "-" "-" 0
2.239.213.169 - - [29/Oct/2017:18:16:08 +0100] "GET /admin/stats HTTP/1.1" 200 1965 "-" "-" 0
94.23.66.155 - - [29/Oct/2017:18:16:10 +0100] "GET /stream HTTP/1.0" 200 1560136 "http://www.radiocittaperta.it/eventi/katartika-con-liliana-montereale/" "AppleCoreMedia/1.0.0.14G60 (iPad; U; CPU OS 10_3_3 like Mac OS X; it_it) [ip:93.71.242.154]" 63
94.23.66.155 - - [29/Oct/2017:18:16:12 +0100] "GET /stream HTTP/1.0" 200 176801088 "-" "WinampMPEG/5.50 [ip:138.201.220.32]" 7364
94.23.66.155 - - [29/Oct/2017:18:16:14 +0100] "GET /stream HTTP/1.0" 200 213091404 "http://www.radiocittaperta.it/" "Mozilla/5.0 (Macintosh; Intel Mac OS X 10_12_6) AppleWebKit/604.1.38 (KHTML, like Gecko) Version/11.0 Safari/604.1.38 [ip:93.58.124.14]" 8876
94.23.66.155 - - [29/Oct/2017:18:16:16 +0100] "GET /stream HTTP/1.0" 200 105356 "http://www.radiocittaperta.it/intervista-gaudi-28-10-2017/" "Mozilla/5.0 (iPhone; CPU iPhone OS 10_3_3 like Mac OS X) AppleWebKit/603.3.8 (KHTML, like Gecko) Mobile/14G60 [FBAN/FBIOS;FBAV/75.0.0.48.61;FBBV/45926345;FBRV/0;FBDV/iPhone7,2;FBMD/iPhone;FBSN/iOS;FBSV/10.3.3;FBSS/2;FBCR/vodafoneUK;FBID/phone;FBLC/en_GB;FBOP/5] [ip:85.255.236.145]" 2
2.239.213.169 - - [29/Oct/2017:18:16:18 +0100] "GET /admin/stats HTTP/1.1" 200 1965 "-" "-" 0
2.239.213.169 - - [29/Oct/2017:18:16:28 +0100] "GET /admin/stats HTTP/1.1" 200 1965 "-" "-" 0
2.239.213.169 - - [29/Oct/2017:18:16:38 +0100] "GET /admin/stats HTTP/1.1" 200 1965 "-" "-" 0
94.23.66.155 - - [29/Oct/2017:18:16:44 +0100] "GET /admin/stats HTTP/1.0" 200 1965 "-" "Centova Cast/3.2.10" 0
2.239.213.169 - - [29/Oct/2017:18:16:48 +0100] "GET /admin/stats HTTP/1.1" 200 1965 "-" "-" 0
2.239.213.169 - - [29/Oct/2017:18:16:58 +0100] "GET /admin/stats HTTP/1.1" 200 1965 "-" "-" 0
2.239.213.169 - - [29/Oct/2017:18:17:08 +0100] "GET /admin/stats HTTP/1.1" 200 1965 "-" "-" 0
94.23.66.155 - - [29/Oct/2017:18:17:14 +0100] "GET /stream HTTP/1.0" 200 1560136 "http://www.radiocittaperta.it/eventi/katartika-con-liliana-montereale/" "AppleCoreMedia/1.0.0.14G60 (iPad; U; CPU OS 10_3_3 like Mac OS X; it_it) [ip:93.71.242.154]" 62
2.239.213.169 - - [29/Oct/2017:18:17:18 +0100] "GET /admin/stats HTTP/1.1" 200 1965 "-" "-" 0
2.239.213.169 - - [29/Oct/2017:18:17:28 +0100] "GET /admin/stats HTTP/1.1" 200 1965 "-" "-" 0
94.23.66.155 - - [29/Oct/2017:18:17:31 +0100] "GET /stream HTTP/1.0" 200 1814952 "http://www.radiocittaperta.it/intervista-gaudi-28-10-2017/" "AppleCoreMedia/1.0.0.14G60 (iPhone; U; CPU OS 10_3_3 like Mac OS X; en_gb) [ip:85.255.236.145]" 74
2.239.213.169 - - [29/Oct/2017:18:17:38 +0100] "GET /admin/stats HTTP/1.1" 200 1965 "-" "-" 0
94.23.66.155 - - [29/Oct/2017:18:17:44 +0100] "GET /admin/stats HTTP/1.0" 200 1965 "-" "Centova Cast/3.2.10" 0
2.239.213.169 - - [29/Oct/2017:18:17:48 +0100] "GET /admin/stats HTTP/1.1" 200 1965 "-" "-" 0
2.239.213.169 - - [29/Oct/2017:18:17:58 +0100] "GET /admin/stats HTTP/1.1" 200 1965 "-" "-" 0
94.23.66.155 - - [29/Oct/2017:18:18:06 +0100] "GET /stream HTTP/1.0" 200 603756 "-" "Mozilla/5.0 (Windows NT 10.0; Win64; x64) AppleWebKit/537.36 (KHTML, like Gecko) Chrome/52.0.2743.116 Safari/537.36 Edge/15.15063 [ip:151.15.125.46]" 23
2.239.213.169 - - [29/Oct/2017:18:18:08 +0100] "GET /admin/stats HTTP/1.1" 200 1965 "-" "-" 0
2.239.213.169 - - [29/Oct/2017:18:18:18 +0100] "GET /admin/stats HTTP/1.1" 200 1965 "-" "-" 0
94.23.66.155 - - [29/Oct/2017:18:18:19 +0100] "GET /stream HTTP/1.0" 200 1557336 "http://www.radiocittaperta.it/eventi/katartika-con-liliana-montereale/" "AppleCoreMedia/1.0.0.14G60 (iPad; U; CPU OS 10_3_3 like Mac OS X; it_it) [ip:93.71.242.154]" 62
2.239.213.169 - - [29/Oct/2017:18:18:28 +0100] "GET /admin/stats HTTP/1.1" 200 1965 "-" "-" 0
94.23.66.155 - - [29/Oct/2017:18:18:29 +0100] "GET /stream HTTP/1.0" 200 70443 "-" "[ip:69.164.211.17]" 1
2.239.213.169 - - [29/Oct/2017:18:18:38 +0100] "GET /admin/stats HTTP/1.1" 200 1965 "-" "-" 0
94.23.66.155 - - [29/Oct/2017:18:18:42 +0100] "GET /stream HTTP/1.0" 200 73243 "-" "[ip:84.239.6.10]" 1
94.23.66.155 - - [29/Oct/2017:18:18:44 +0100] "GET /admin/stats HTTP/1.0" 200 1965 "-" "Centova Cast/3.2.10" 0
2.239.213.169 - - [29/Oct/2017:18:18:48 +0100] "GET /admin/stats HTTP/1.1" 200 1965 "-" "-" 0
2.239.213.169 - - [29/Oct/2017:18:18:58 +0100] "GET /admin/stats HTTP/1.1" 200 1965 "-" "-" 0
94.23.66.155 - - [29/Oct/2017:18:18:58 +0100] "GET /stream HTTP/1.0" 200 111045 "-" "VLC/2.2.6 LibVLC/2.2.6 [ip:31.186.251.171]" 2
2.239.213.169 - - [29/Oct/2017:18:19:08 +0100] "GET /admin/stats HTTP/1.1" 200 1965 "-" "-" 0
94.23.66.155 - - [29/Oct/2017:18:19:18 +0100] "GET /stream HTTP/1.0" 200 73156 "-" "Mozilla/5.0 (X11; Linux x86_64) AppleWebKit/537.36 (KHTML, like Gecko) Chrome/33.0.1750.146 Safari/537.36 [ip:62.210.172.91]" 1
2.239.213.169 - - [29/Oct/2017:18:19:18 +0100] "GET /admin/stats HTTP/1.1" 200 1965 "-" "-" 0
94.23.66.155 - - [29/Oct/2017:18:19:19 +0100] "GET /stream HTTP/1.0" 200 96444 "-" "MPlayer 1.1-4.7 [ip:62.210.172.91]" 1
94.23.66.155 - - [29/Oct/2017:18:19:20 +0100] "GET /stream HTTP/1.0" 200 16668756 "http://www.radiocittaperta.it/djmix/10501/" "Mozilla/5.0 (X11; Linux x86_64; rv:37.0) Gecko/20100101 Firefox/37.0 [ip:93.44.106.148]" 692
94.23.66.155 - - [29/Oct/2017:18:19:24 +0100] "GET /stream HTTP/1.0" 200 1555936 "http://www.radiocittaperta.it/eventi/katartika-con-liliana-montereale/" "AppleCoreMedia/1.0.0.14G60 (iPad; U; CPU OS 10_3_3 like Mac OS X; it_it) [ip:93.71.242.154]" 63
2.239.213.169 - - [29/Oct/2017:18:19:28 +0100] "GET /admin/stats HTTP/1.1" 200 1965 "-" "-" 0
94.23.66.155 - - [29/Oct/2017:18:19:31 +0100] "GET /stream HTTP/1.0" 200 241156 "http://www.radiocittaperta.it/djmix/10501/" "Mozilla/5.0 (X11; Linux x86_64; rv:37.0) Gecko/20100101 Firefox/37.0 [ip:93.44.106.148]" 8
2.239.213.169 - - [29/Oct/2017:18:19:39 +0100] "GET /admin/stats HTTP/1.1" 200 1965 "-" "-" 0
94.23.66.155 - - [29/Oct/2017:18:19:40 +0100] "GET /admin/stats HTTP/1.0" 200 1965 "-" "Centova Cast/3.2.10" 0
94.23.66.155 - - [29/Oct/2017:18:19:40 +0100] "GET /admin/listclients HTTP/1.0" 200 4675 "-" "Centova Cast/3.2.10" 0
94.23.66.155 - - [29/Oct/2017:18:19:44 +0100] "GET /admin/stats HTTP/1.0" 200 1965 "-" "Centova Cast/3.2.10" 0
2.239.213.169 - - [29/Oct/2017:18:19:49 +0100] "GET /admin/stats HTTP/1.1" 200 1965 "-" "-" 0
2.239.213.169 - - [29/Oct/2017:18:19:59 +0100] "GET /admin/stats HTTP/1.1" 200 1965 "-" "-" 0
37.182.133.79 - - [29/Oct/2017:18:20:01 +0100] "GET /admin/stats HTTP/1.1" 200 1965 "-" "-" 0
2.239.213.169 - - [29/Oct/2017:18:20:02 +0100] "GET /admin/stats HTTP/1.1" 200 1965 "-" "-" 0
94.23.66.155 - - [29/Oct/2017:18:20:04 +0100] "GET /stream HTTP/1.0" 200 952498 "http://www.radiocittaperta.it/eventi/katartika-con-liliana-montereale/" "AppleCoreMedia/1.0.0.14G60 (iPad; U; CPU OS 10_3_3 like Mac OS X; it_it) [ip:93.71.242.154]" 38
2.239.213.169 - - [29/Oct/2017:18:20:09 +0100] "GET /admin/stats HTTP/1.1" 200 1965 "-" "-" 0
94.23.66.155 - - [29/Oct/2017:18:20:15 +0100] "GET /admin/stats HTTP/1.0" 200 1965 "-" "Centova Cast/3.2.10" 0
94.23.66.155 - - [29/Oct/2017:18:20:15 +0100] "GET /stream HTTP/1.0" 200 66156 "-" "-" 0
2.239.213.169 - - [29/Oct/2017:18:20:19 +0100] "GET /admin/stats HTTP/1.1" 200 1965 "-" "-" 0
2.239.213.169 - - [29/Oct/2017:18:20:29 +0100] "GET /admin/stats HTTP/1.1" 200 1965 "-" "-" 0
2.239.213.169 - - [29/Oct/2017:18:20:40 +0100] "GET /admin/stats HTTP/1.1" 200 1965 "-" "-" 0
94.23.66.155 - - [29/Oct/2017:18:20:44 +0100] "GET /admin/stats HTTP/1.0" 200 1965 "-" "Centova Cast/3.2.10" 0
94.23.66.155 - - [29/Oct/2017:18:20:46 +0100] "GET /stream HTTP/1.0" 200 71756 "http://www.radiocittaperta.it/" "Mozilla/5.0 (iPad; CPU OS 10_3_3 like Mac OS X) AppleWebKit/603.3.8 (KHTML, like Gecko) Version/10.0 Mobile/14G60 Safari/602.1 [ip:93.71.242.154]" 1
94.23.66.155 - - [29/Oct/2017:18:20:46 +0100] "GET /stream HTTP/1.0" 200 73243 "http://www.radiocittaperta.it/" "AppleCoreMedia/1.0.0.14G60 (iPad; U; CPU OS 10_3_3 like Mac OS X; it_it) [ip:93.71.242.154]" 0
94.23.66.155 - - [29/Oct/2017:18:20:48 +0100] "GET /stream HTTP/1.0" 200 74556 "http://www.radiocittaperta.it/eventi/katartika-con-liliana-montereale/" "Mozilla/5.0 (iPad; CPU OS 10_3_3 like Mac OS X) AppleWebKit/603.3.8 (KHTML, like Gecko) Version/10.0 Mobile/14G60 Safari/602.1 [ip:93.71.242.154]" 1
2.239.213.169 - - [29/Oct/2017:18:20:49 +0100] "GET /admin/stats HTTP/1.1" 200 1965 "-" "-" 0
94.23.66.155 - - [29/Oct/2017:18:20:51 +0100] "GET /stream HTTP/1.0" 200 140447 "http://www.radiocittaperta.it/eventi/katartika-con-liliana-montereale/" "AppleCoreMedia/1.0.0.14G60 (iPad; U; CPU OS 10_3_3 like Mac OS X; it_it) [ip:93.71.242.154]" 3
94.23.66.155 - - [29/Oct/2017:18:20:55 +0100] "GET /stream HTTP/1.0" 200 74556 "http://www.radiocittaperta.it/" "Mozilla/5.0 (iPad; CPU OS 10_3_3 like Mac OS X) AppleWebKit/603.3.8 (KHTML, like Gecko) Version/10.0 Mobile/14G60 Safari/602.1 [ip:93.71.242.154]" 0
94.23.66.155 - - [29/Oct/2017:18:20:57 +0100] "GET /stream HTTP/1.0" 200 73243 "-" "Winamp 5/3 [ip:35.192.174.37]" 1
2.239.213.169 - - [29/Oct/2017:18:21:00 +0100] "GET /admin/stats HTTP/1.1" 200 1965 "-" "-" 0
94.23.66.155 - - [29/Oct/2017:18:21:00 +0100] "GET /stream HTTP/1.0" 200 162849 "http://www.radiocittaperta.it/" "AppleCoreMedia/1.0.0.14G60 (iPad; U; CPU OS 10_3_3 like Mac OS X; it_it) [ip:93.71.242.154]" 4
2.239.213.169 - - [29/Oct/2017:18:21:09 +0100] "GET /admin/stats HTTP/1.1" 200 1965 "-" "-" 0
94.23.66.155 - - [29/Oct/2017:18:21:14 +0100] "GET /stream HTTP/1.0" 200 386863 "http://www.radiocittaperta.it/" "AppleCoreMedia/1.0.0.14G60 (iPad; U; CPU OS 10_3_3 like Mac OS X; it_it) [ip:93.71.242.154]" 14
94.23.66.155 - - [29/Oct/2017:18:21:16 +0100] "GET /stream HTTP/1.0" 200 74556 "http://www.radiocittaperta.it/programmazione/" "Mozilla/5.0 (iPad; CPU OS 10_3_3 like Mac OS X) AppleWebKit/603.3.8 (KHTML, like Gecko) Version/10.0 Mobile/14G60 Safari/602.1 [ip:93.71.242.154]" 1
2.239.213.169 - - [29/Oct/2017:18:21:19 +0100] "GET /admin/stats HTTP/1.1" 200 1965 "-" "-" 0
2.239.213.169 - - [29/Oct/2017:18:21:30 +0100] "GET /admin/stats HTTP/1.1" 200 1965 "-" "-" 0
2.239.213.169 - - [29/Oct/2017:18:21:39 +0100] "GET /admin/stats HTTP/1.1" 200 1965 "-" "-" 0
94.23.66.155 - - [29/Oct/2017:18:21:44 +0100] "GET /admin/stats HTTP/1.0" 200 1965 "-" "Centova Cast/3.2.10" 0
2.239.213.169 - - [29/Oct/2017:18:21:49 +0100] "GET /admin/stats HTTP/1.1" 200 1965 "-" "-" 0
2.239.213.169 - - [29/Oct/2017:18:21:59 +0100] "GET /admin/stats HTTP/1.1" 200 1965 "-" "-" 0
2.239.213.169 - - [29/Oct/2017:18:22:10 +0100] "GET /admin/stats HTTP/1.1" 200 1965 "-" "-" 0
94.23.66.155 - - [29/Oct/2017:18:22:15 +0100] "GET /stream HTTP/1.0" 200 164156 "http://www.radiocittaperta.it/intervista-gaudi-28-10-2017/" "Mozilla/5.0 (iPhone; CPU iPhone OS 10_3_3 like Mac OS X) AppleWebKit/603.3.8 (KHTML, like Gecko) Version/10.0 Mobile/14G60 Safari/602.1 [ip:85.255.236.145]" 4
2.239.213.169 - - [29/Oct/2017:18:22:20 +0100] "GET /admin/stats HTTP/1.1" 200 1965 "-" "-" 0
94.23.66.155 - - [29/Oct/2017:18:22:24 +0100] "GET /stream HTTP/1.0" 200 232853 "http://www.radiocittaperta.it/intervista-gaudi-28-10-2017/" "AppleCoreMedia/1.0.0.14G60 (iPhone; U; CPU OS 10_3_3 like Mac OS X; en_gb) [ip:85.255.236.145]" 8
2.239.213.169 - - [29/Oct/2017:18:22:30 +0100] "GET /admin/stats HTTP/1.1" 200 1965 "-" "-" 0
2.239.213.169 - - [29/Oct/2017:18:22:40 +0100] "GET /admin/stats HTTP/1.1" 200 1965 "-" "-" 0
94.23.66.155 - - [29/Oct/2017:18:22:44 +0100] "GET /admin/stats HTTP/1.0" 200 1965 "-" "Centova Cast/3.2.10" 0
94.23.66.155 - - [29/Oct/2017:18:22:45 +0100] "GET /stream HTTP/1.0" 200 747956 "http://www.radiocittaperta.it/" "Mozilla/5.0 (X11; Linux x86_64) AppleWebKit/537.36 (KHTML, like Gecko) Ubuntu Chromium/49.0.2623.108 Chrome/49.0.2623.108 Safari/537.36 [ip:93.44.87.148]" 29
2.239.213.169 - - [29/Oct/2017:18:22:50 +0100] "GET /admin/stats HTTP/1.1" 200 1965 "-" "-" 0
94.23.66.155 - - [29/Oct/2017:18:22:58 +0100] "GET /stream HTTP/1.0" 200 73156 "http://radio.garden/live/arezzo/radio-arezzo/" "Mozilla/5.0 (iPhone; CPU iPhone OS 11_0_3 like Mac OS X) AppleWebKit/604.1.38 (KHTML, like Gecko) Version/11.0 Mobile/15A432 Safari/604.1 [ip:189.177.10.96]" 1
2.239.213.169 - - [29/Oct/2017:18:23:00 +0100] "GET /admin/stats HTTP/1.1" 200 1965 "-" "-" 0
2.239.213.169 - - [29/Oct/2017:18:23:10 +0100] "GET /admin/stats HTTP/1.1" 200 1965 "-" "-" 0
2.239.213.169 - - [29/Oct/2017:18:23:20 +0100] "GET /admin/stats HTTP/1.1" 200 1965 "-" "-" 0
94.23.66.155 - - [29/Oct/2017:18:23:29 +0100] "GET /stream HTTP/1.0" 200 73243 "-" "[ip:173.255.231.46]" 0
2.239.213.169 - - [29/Oct/2017:18:23:30 +0100] "GET /admin/stats HTTP/1.1" 200 1965 "-" "-" 0
94.23.66.155 - - [29/Oct/2017:18:23:39 +0100] "GET /stream HTTP/1.0" 200 18051767 "http://www.radiocittaperta.it/" "AppleCoreMedia/1.0.0.14F27 (Macintosh; U; Intel Mac OS X 10_10_5; it_it) [ip:95.238.213.181]" 750
2.239.213.169 - - [29/Oct/2017:18:23:40 +0100] "GET /admin/stats HTTP/1.1" 200 1965 "-" "-" 0
94.23.66.155 - - [29/Oct/2017:18:23:42 +0100] "GET /stream HTTP/1.0" 200 74643 "-" "[ip:84.239.6.10]" 1
94.23.66.155 - - [29/Oct/2017:18:23:44 +0100] "GET /stream HTTP/1.0" 200 265055 "http://www.radiocittaperta.it/" "Mozilla/5.0 (Macintosh; Intel Mac OS X 10_12_6) AppleWebKit/604.1.38 (KHTML, like Gecko) Version/11.0 Safari/604.1.38 [ip:93.58.124.14]" 9
94.23.66.155 - - [29/Oct/2017:18:23:45 +0100] "GET /admin/stats HTTP/1.0" 200 1965 "-" "Centova Cast/3.2.10" 0
94.23.66.155 - - [29/Oct/2017:18:23:45 +0100] "GET /admin/stats HTTP/1.0" 200 1965 "-" "Centova Cast/3.2.10" 0
94.23.66.155 - - [29/Oct/2017:18:23:45 +0100] "GET /admin/stats HTTP/1.0" 200 1965 "-" "Centova Cast/3.2.10" 0
2.239.213.169 - - [29/Oct/2017:18:23:50 +0100] "GET /admin/stats HTTP/1.1" 200 1965 "-" "-" 0
94.23.66.155 - - [29/Oct/2017:18:23:53 +0100] "GET /stream HTTP/1.0" 200 73156 "http://www.radiocittaperta.it/djmix/intervista-gaudi-28-10-2017/" "Mozilla/5.0 (iPhone; CPU iPhone OS 10_3_3 like Mac OS X) AppleWebKit/603.3.8 (KHTML, like Gecko) Version/10.0 Mobile/14G60 Safari/602.1 [ip:85.255.236.145]" 0
94.23.66.155 - - [29/Oct/2017:18:23:59 +0100] "GET /stream HTTP/1.0" 200 196451 "http://www.radiocittaperta.it/djmix/intervista-gaudi-28-10-2017/" "AppleCoreMedia/1.0.0.14G60 (iPhone; U; CPU OS 10_3_3 like Mac OS X; en_gb) [ip:85.255.236.145]" 6
2.239.213.169 - - [29/Oct/2017:18:24:01 +0100] "GET /admin/stats HTTP/1.1" 200 1965 "-" "-" 0
94.23.66.155 - - [29/Oct/2017:18:24:05 +0100] "GET /stream HTTP/1.0" 200 73156 "-" "AppleCoreMedia/1.0.0.13G36 (iPhone; U; CPU OS 9_3_5 like Mac OS X; it_it) [ip:151.35.3.26]" 1
2.239.213.169 - - [29/Oct/2017:18:24:10 +0100] "GET /admin/stats HTTP/1.1" 200 1965 "-" "-" 0
2.239.213.169 - - [29/Oct/2017:18:24:21 +0100] "GET /admin/stats HTTP/1.1" 200 1965 "-" "-" 0
94.23.66.155 - - [29/Oct/2017:18:24:24 +0100] "GET /stream HTTP/1.0" 200 525471 "-" "AppleCoreMedia/1.0.0.13G36 (iPhone; U; CPU OS 9_3_5 like Mac OS X; it_it) [ip:151.35.3.26]" 19
2.239.213.169 - - [29/Oct/2017:18:24:31 +0100] "GET /admin/stats HTTP/1.1" 200 1965 "-" "-" 0
2.239.213.169 - - [29/Oct/2017:18:24:40 +0100] "GET /admin/stats HTTP/1.1" 200 1965 "-" "-" 0
94.23.66.155 - - [29/Oct/2017:18:24:41 +0100] "GET /admin/stats HTTP/1.0" 200 1965 "-" "Centova Cast/3.2.10" 0
94.23.66.155 - - [29/Oct/2017:18:24:41 +0100] "GET /admin/listclients HTTP/1.0" 200 4743 "-" "Centova Cast/3.2.10" 0
94.23.66.155 - - [29/Oct/2017:18:24:45 +0100] "GET /admin/stats HTTP/1.0" 200 1965 "-" "Centova Cast/3.2.10" 0
2.239.213.169 - - [29/Oct/2017:18:24:51 +0100] "GET /admin/stats HTTP/1.1" 200 1965 "-" "-" 0
2.239.213.169 - - [29/Oct/2017:18:25:01 +0100] "GET /admin/stats HTTP/1.1" 200 1965 "-" "-" 1
37.182.133.79 - - [29/Oct/2017:18:25:01 +0100] "GET /admin/stats HTTP/1.1" 200 1965 "-" "-" 0
2.239.213.169 - - [29/Oct/2017:18:25:01 +0100] "GET /admin/stats HTTP/1.1" 200 1965 "-" "-" 0
2.239.213.169 - - [29/Oct/2017:18:25:11 +0100] "GET /admin/stats HTTP/1.1" 200 1965 "-" "-" 0
94.23.66.155 - - [29/Oct/2017:18:25:15 +0100] "GET /admin/stats HTTP/1.0" 200 1965 "-" "Centova Cast/3.2.10" 0
94.23.66.155 - - [29/Oct/2017:18:25:15 +0100] "GET /stream HTTP/1.0" 200 66156 "-" "-" 0
2.239.213.169 - - [29/Oct/2017:18:25:22 +0100] "GET /admin/stats HTTP/1.1" 200 1965 "-" "-" 0
2.239.213.169 - - [29/Oct/2017:18:25:32 +0100] "GET /admin/stats HTTP/1.1" 200 1965 "-" "-" 0
2.239.213.169 - - [29/Oct/2017:18:25:42 +0100] "GET /admin/stats HTTP/1.1" 200 1965 "-" "-" 0
94.23.66.155 - - [29/Oct/2017:18:25:45 +0100] "GET /admin/stats HTTP/1.0" 200 1965 "-" "Centova Cast/3.2.10" 0
2.239.213.169 - - [29/Oct/2017:18:25:52 +0100] "GET /admin/stats HTTP/1.1" 200 1965 "-" "-" 0
2.239.213.169 - - [29/Oct/2017:18:26:02 +0100] "GET /admin/stats HTTP/1.1" 200 1965 "-" "-" 0
2.239.213.169 - - [29/Oct/2017:18:26:12 +0100] "GET /admin/stats HTTP/1.1" 200 1965 "-" "-" 0
2.239.213.169 - - [29/Oct/2017:18:26:22 +0100] "GET /admin/stats HTTP/1.1" 200 1965 "-" "-" 0
2.239.213.169 - - [29/Oct/2017:18:26:32 +0100] "GET /admin/stats HTTP/1.1" 200 1965 "-" "-" 0
2.239.213.169 - - [29/Oct/2017:18:26:42 +0100] "GET /admin/stats HTTP/1.1" 200 1965 "-" "-" 0
94.23.66.155 - - [29/Oct/2017:18:26:42 +0100] "GET /stream HTTP/1.0" 200 71756 "http://radio.garden/live/" "Mozilla/5.0 (Linux; Android 6.0.1; SAMSUNG SM-J710MN Build/MMB29K) AppleWebKit/537.36 (KHTML, like Gecko) SamsungBrowser/4.0 Chrome/44.0.2403.133 Mobile Safari/537.36 [ip:186.66.112.106]" 1
94.23.66.155 - - [29/Oct/2017:18:26:43 +0100] "GET /stream HTTP/1.0" 200 1313556 "http://www.radiocittaperta.it/templates/creative_rca/embed_stream.php" "Mozilla/5.0 (X11; Ubuntu; Linux i686; rv:56.0) Gecko/20100101 Firefox/56.0 [ip:93.44.195.219]" 52
94.23.66.155 - - [29/Oct/2017:18:26:44 +0100] "GET /stream HTTP/1.0" 200 14698557 "https://www-ascoltareradio-com.cdn.ampproject.org/v/www.ascoltareradio.com/mobile/citta-aperta-roma/?amp_js_v=0.1&usqp=mq331AQGCAAYACAB" "AppleCoreMedia/1.0.0.14E304 (iPhone; U; CPU OS 10_3_1 like Mac OS X; it_it) [ip:5.90.153.121]" 610
94.23.66.155 - - [29/Oct/2017:18:26:45 +0100] "GET /admin/stats HTTP/1.0" 200 1965 "-" "Centova Cast/3.2.10" 0
94.23.66.155 - - [29/Oct/2017:18:26:47 +0100] "GET /stream HTTP/1.0" 200 165556 "-" "Mozilla/5.0 (Linux; Android 6.0.1; SAMSUNG SM-J710MN Build/MMB29K) AppleWebKit/537.36 (KHTML, like Gecko) SamsungBrowser/4.0 Chrome/44.0.2403.133 Mobile Safari/537.36 [ip:186.66.112.106]" 4
94.23.66.155 - - [29/Oct/2017:18:26:48 +0100] "GET /stream HTTP/1.0" 200 74556 "http://www.radiocittaperta.it/scaletta-e-podcast-alternitalia-28-10-2017/" "Mozilla/5.0 (iPhone; CPU iPhone OS 10_3_3 like Mac OS X) AppleWebKit/603.3.8 (KHTML, like Gecko) Version/10.0 Mobile/14G60 Safari/602.1 [ip:85.255.236.145]" 1
2.239.213.169 - - [29/Oct/2017:18:26:52 +0100] "GET /admin/stats HTTP/1.1" 200 1965 "-" "-" 0
94.23.66.155 - - [29/Oct/2017:18:26:53 +0100] "GET /stream HTTP/1.0" 200 320956 "-" "Mozilla/5.0 (Linux; Android 6.0.1; SAMSUNG SM-J710MN Build/MMB29K) AppleWebKit/537.36 (KHTML, like Gecko) SamsungBrowser/4.0 Chrome/44.0.2403.133 Mobile Safari/537.36 [ip:186.66.112.106]" 11
2.239.213.169 - - [29/Oct/2017:18:27:02 +0100] "GET /admin/stats HTTP/1.1" 200 1965 "-" "-" 0
2.239.213.169 - - [29/Oct/2017:18:27:12 +0100] "GET /admin/stats HTTP/1.1" 200 1965 "-" "-" 0
2.239.213.169 - - [29/Oct/2017:18:27:22 +0100] "GET /admin/stats HTTP/1.1" 200 1965 "-" "-" 0
2.239.213.169 - - [29/Oct/2017:18:27:32 +0100] "GET /admin/stats HTTP/1.1" 200 1965 "-" "-" 0
2.239.213.169 - - [29/Oct/2017:18:27:42 +0100] "GET /admin/stats HTTP/1.1" 200 1965 "-" "-" 0
94.23.66.155 - - [29/Oct/2017:18:27:45 +0100] "GET /admin/stats HTTP/1.0" 200 1965 "-" "Centova Cast/3.2.10" 0
2.239.213.169 - - [29/Oct/2017:18:27:50 +0100] "GET /admin/metadata HTTP/1.1" 200 335 "-" "-" 0
2.239.213.169 - - [29/Oct/2017:18:27:51 +0100] "GET /admin/stats HTTP/1.1" 200 1958 "-" "-" 0
2.239.213.169 - - [29/Oct/2017:18:27:53 +0100] "GET /admin/stats HTTP/1.1" 200 1951 "-" "-" 0
2.239.213.169 - - [29/Oct/2017:18:28:03 +0100] "GET /admin/stats HTTP/1.1" 200 1951 "-" "-" 0
94.23.66.155 - - [29/Oct/2017:18:28:11 +0100] "GET /stream HTTP/1.0" 200 1708609 "https://www-ascoltareradio-com.cdn.ampproject.org/v/www.ascoltareradio.com/mobile/citta-aperta-roma/?amp_js_v=0.1&usqp=mq331AQGCAAYACAB" "AppleCoreMedia/1.0.0.14E304 (iPhone; U; CPU OS 10_3_1 like Mac OS X; it_it) [ip:5.90.153.121]" 68
2.239.213.169 - - [29/Oct/2017:18:28:13 +0100] "GET /admin/stats HTTP/1.1" 200 1951 "-" "-" 0
2.239.213.169 - - [29/Oct/2017:18:28:23 +0100] "GET /admin/stats HTTP/1.1" 200 1951 "-" "-" 0
94.23.66.155 - - [29/Oct/2017:18:28:30 +0100] "GET /stream HTTP/1.0" 200 71843 "-" "[ip:69.164.211.17]" 1
2.239.213.169 - - [29/Oct/2017:18:28:33 +0100] "GET /admin/stats HTTP/1.1" 200 1951 "-" "-" 0
2.239.213.169 - - [29/Oct/2017:18:28:43 +0100] "GET /admin/stats HTTP/1.1" 200 1951 "-" "-" 0
94.23.66.155 - - [29/Oct/2017:18:28:45 +0100] "GET /admin/stats HTTP/1.0" 200 1951 "-" "Centova Cast/3.2.10" 0
